Archive member included to satisfy reference by file (symbol)

C:/ProgramData/MATLAB/SupportPackages/R2024b/3P.instrset/gnuarm-armcortex.instrset/win/bin/../lib/gcc/arm-none-eabi/13.2.1/thumb/v7e-m+dp/hard\libc_nano.a(libc_a-exit.o)
                              C:/ProgramData/MATLAB/SupportPackages/R2024b/3P.instrset/gnuarm-armcortex.instrset/win/bin/../lib/gcc/arm-none-eabi/13.2.1/thumb/v7e-m+dp/hard/crt0.o (exit)
C:/ProgramData/MATLAB/SupportPackages/R2024b/3P.instrset/gnuarm-armcortex.instrset/win/bin/../lib/gcc/arm-none-eabi/13.2.1/thumb/v7e-m+dp/hard\libc_nano.a(libc_a-findfp.o)
                              tasks.o (__sf)
C:/ProgramData/MATLAB/SupportPackages/R2024b/3P.instrset/gnuarm-armcortex.instrset/win/bin/../lib/gcc/arm-none-eabi/13.2.1/thumb/v7e-m+dp/hard\libc_nano.a(libc_a-fwalk.o)
                              C:/ProgramData/MATLAB/SupportPackages/R2024b/3P.instrset/gnuarm-armcortex.instrset/win/bin/../lib/gcc/arm-none-eabi/13.2.1/thumb/v7e-m+dp/hard\libc_nano.a(libc_a-findfp.o) (_fwalk_sglue)
C:/ProgramData/MATLAB/SupportPackages/R2024b/3P.instrset/gnuarm-armcortex.instrset/win/bin/../lib/gcc/arm-none-eabi/13.2.1/thumb/v7e-m+dp/hard\libc_nano.a(libc_a-stdio.o)
                              C:/ProgramData/MATLAB/SupportPackages/R2024b/3P.instrset/gnuarm-armcortex.instrset/win/bin/../lib/gcc/arm-none-eabi/13.2.1/thumb/v7e-m+dp/hard\libc_nano.a(libc_a-findfp.o) (__sread)
C:/ProgramData/MATLAB/SupportPackages/R2024b/3P.instrset/gnuarm-armcortex.instrset/win/bin/../lib/gcc/arm-none-eabi/13.2.1/thumb/v7e-m+dp/hard\libc_nano.a(libc_a-memset.o)
                              C:/ProgramData/MATLAB/SupportPackages/R2024b/3P.instrset/gnuarm-armcortex.instrset/win/bin/../lib/gcc/arm-none-eabi/13.2.1/thumb/v7e-m+dp/hard/crt0.o (memset)
C:/ProgramData/MATLAB/SupportPackages/R2024b/3P.instrset/gnuarm-armcortex.instrset/win/bin/../lib/gcc/arm-none-eabi/13.2.1/thumb/v7e-m+dp/hard\libc_nano.a(libc_a-closer.o)
                              C:/ProgramData/MATLAB/SupportPackages/R2024b/3P.instrset/gnuarm-armcortex.instrset/win/bin/../lib/gcc/arm-none-eabi/13.2.1/thumb/v7e-m+dp/hard\libc_nano.a(libc_a-stdio.o) (_close_r)
C:/ProgramData/MATLAB/SupportPackages/R2024b/3P.instrset/gnuarm-armcortex.instrset/win/bin/../lib/gcc/arm-none-eabi/13.2.1/thumb/v7e-m+dp/hard\libc_nano.a(libc_a-reent.o)
                              tasks.o (_reclaim_reent)
C:/ProgramData/MATLAB/SupportPackages/R2024b/3P.instrset/gnuarm-armcortex.instrset/win/bin/../lib/gcc/arm-none-eabi/13.2.1/thumb/v7e-m+dp/hard\libc_nano.a(libc_a-impure.o)
                              tasks.o (_impure_ptr)
C:/ProgramData/MATLAB/SupportPackages/R2024b/3P.instrset/gnuarm-armcortex.instrset/win/bin/../lib/gcc/arm-none-eabi/13.2.1/thumb/v7e-m+dp/hard\libc_nano.a(libc_a-lseekr.o)
                              C:/ProgramData/MATLAB/SupportPackages/R2024b/3P.instrset/gnuarm-armcortex.instrset/win/bin/../lib/gcc/arm-none-eabi/13.2.1/thumb/v7e-m+dp/hard\libc_nano.a(libc_a-stdio.o) (_lseek_r)
C:/ProgramData/MATLAB/SupportPackages/R2024b/3P.instrset/gnuarm-armcortex.instrset/win/bin/../lib/gcc/arm-none-eabi/13.2.1/thumb/v7e-m+dp/hard\libc_nano.a(libc_a-readr.o)
                              C:/ProgramData/MATLAB/SupportPackages/R2024b/3P.instrset/gnuarm-armcortex.instrset/win/bin/../lib/gcc/arm-none-eabi/13.2.1/thumb/v7e-m+dp/hard\libc_nano.a(libc_a-stdio.o) (_read_r)
C:/ProgramData/MATLAB/SupportPackages/R2024b/3P.instrset/gnuarm-armcortex.instrset/win/bin/../lib/gcc/arm-none-eabi/13.2.1/thumb/v7e-m+dp/hard\libc_nano.a(libc_a-writer.o)
                              C:/ProgramData/MATLAB/SupportPackages/R2024b/3P.instrset/gnuarm-armcortex.instrset/win/bin/../lib/gcc/arm-none-eabi/13.2.1/thumb/v7e-m+dp/hard\libc_nano.a(libc_a-stdio.o) (_write_r)
C:/ProgramData/MATLAB/SupportPackages/R2024b/3P.instrset/gnuarm-armcortex.instrset/win/bin/../lib/gcc/arm-none-eabi/13.2.1/thumb/v7e-m+dp/hard\libc_nano.a(libc_a-errno.o)
                              syscalls.o (__errno)
C:/ProgramData/MATLAB/SupportPackages/R2024b/3P.instrset/gnuarm-armcortex.instrset/win/bin/../lib/gcc/arm-none-eabi/13.2.1/thumb/v7e-m+dp/hard\libc_nano.a(libc_a-init.o)
                              C:/ProgramData/MATLAB/SupportPackages/R2024b/3P.instrset/gnuarm-armcortex.instrset/win/bin/../lib/gcc/arm-none-eabi/13.2.1/thumb/v7e-m+dp/hard/crt0.o (__libc_init_array)
C:/ProgramData/MATLAB/SupportPackages/R2024b/3P.instrset/gnuarm-armcortex.instrset/win/bin/../lib/gcc/arm-none-eabi/13.2.1/thumb/v7e-m+dp/hard\libc_nano.a(libc_a-lock.o)
                              C:/ProgramData/MATLAB/SupportPackages/R2024b/3P.instrset/gnuarm-armcortex.instrset/win/bin/../lib/gcc/arm-none-eabi/13.2.1/thumb/v7e-m+dp/hard\libc_nano.a(libc_a-findfp.o) (__retarget_lock_init_recursive)
C:/ProgramData/MATLAB/SupportPackages/R2024b/3P.instrset/gnuarm-armcortex.instrset/win/bin/../lib/gcc/arm-none-eabi/13.2.1/thumb/v7e-m+dp/hard\libc_nano.a(libc_a-memcpy-stub.o)
                              FDCAN_GATEWAY.o (memcpy)
[...]
Memory Configuration

Name             Origin             Length             Attributes
ITCMRAM          0x00000000         0x00010000         xrw
DTCMRAM          0x20000000         0x00020000         xrw
FLASH            0x08000000         0x00100000         xr
RAM_D1           0x24000000         0x00050000         xrw
RAM_D2           0x30000000         0x00008000         xrw
RAM_D3           0x38000000         0x00004000         xrw
*default*        0x00000000         0xffffffff

Linker script and memory map

LOAD C:/ProgramData/MATLAB/SupportPackages/R2024b/3P.instrset/gnuarm-armcortex.instrset/win/bin/../lib/gcc/arm-none-eabi/13.2.1/thumb/v7e-m+dp/hard/crti.o
LOAD C:/ProgramData/MATLAB/SupportPackages/R2024b/3P.instrset/gnuarm-armcortex.instrset/win/bin/../lib/gcc/arm-none-eabi/13.2.1/thumb/v7e-m+dp/hard/crtbegin.o
LOAD C:/ProgramData/MATLAB/SupportPackages/R2024b/3P.instrset/gnuarm-armcortex.instrset/win/bin/../lib/gcc/arm-none-eabi/13.2.1/thumb/v7e-m+dp/hard/crt0.o
LOAD stm_fdcan_hal.o
LOAD ert_main.o
LOAD FDCAN_GATEWAY.o
LOAD FDCAN_GATEWAY_data.o
LOAD can_datatype_ground.o
LOAD overrideHALDelay.o
LOAD platform_timer.o
LOAD mw_freertos_init.o
LOAD mw_thread.o
LOAD mw_timer.o
LOAD mw_semaphore.o
LOAD main.o
LOAD freertos.o
LOAD stm32h7xx_it.o
LOAD stm32h7xx_hal_msp.o
LOAD stm32h7xx_hal_timebase_tim.o
LOAD stm32h7xx_ll_exti.o
LOAD stm32h7xx_ll_gpio.o
LOAD stm32h7xx_hal_cortex.o
LOAD stm32h7xx_hal_fdcan.o
LOAD stm32h7xx_hal_rcc.o
LOAD stm32h7xx_hal_rcc_ex.o
LOAD stm32h7xx_hal_flash.o
LOAD stm32h7xx_hal_flash_ex.o
LOAD stm32h7xx_hal_gpio.o
LOAD stm32h7xx_hal_hsem.o
LOAD stm32h7xx_hal_dma.o
LOAD stm32h7xx_hal_dma_ex.o
LOAD stm32h7xx_hal_mdma.o
LOAD stm32h7xx_hal_pwr.o
LOAD stm32h7xx_hal_pwr_ex.o
LOAD stm32h7xx_hal.o
LOAD stm32h7xx_hal_i2c.o
LOAD stm32h7xx_hal_i2c_ex.o
LOAD stm32h7xx_hal_exti.o
LOAD stm32h7xx_ll_rcc.o
LOAD stm32h7xx_ll_utils.o
LOAD stm32h7xx_hal_tim.o
LOAD stm32h7xx_hal_tim_ex.o
LOAD croutine.o
LOAD event_groups.o
LOAD list.o
LOAD queue.o
LOAD stream_buffer.o
LOAD tasks.o
LOAD timers.o
LOAD cmsis_os2.o
LOAD heap_4.o
LOAD port.o
LOAD system_stm32h7xx.o
LOAD syscalls.o
LOAD sysmem.o
LOAD startup_stm32h723vgtx.o
LOAD C:/ProgramData/MATLAB/SupportPackages/R2024b/3P.instrset/cmsis_dsp.instrset/Lib/GCC/arm_cortexm7ldfdp_math/libCMSISDSP.a
LOAD C:/ProgramData/MATLAB/SupportPackages/R2024b/toolbox/shared/supportpackages/stm32/lib/GCC/libmw_pdmfilter_m7_dpfp.lib
LOAD C:/ProgramData/MATLAB/SupportPackages/R2024b/3P.instrset/gnuarm-armcortex.instrset/win/bin/../lib/gcc/arm-none-eabi/13.2.1/thumb/v7e-m+dp/hard\libstdc++_nano.a
LOAD C:/ProgramData/MATLAB/SupportPackages/R2024b/3P.instrset/gnuarm-armcortex.instrset/win/bin/../lib/gcc/arm-none-eabi/13.2.1/thumb/v7e-m+dp/hard\libm.a
START GROUP
LOAD C:/ProgramData/MATLAB/SupportPackages/R2024b/3P.instrset/gnuarm-armcortex.instrset/win/bin/../lib/gcc/arm-none-eabi/13.2.1/thumb/v7e-m+dp/hard\libgcc.a
LOAD C:/ProgramData/MATLAB/SupportPackages/R2024b/3P.instrset/gnuarm-armcortex.instrset/win/bin/../lib/gcc/arm-none-eabi/13.2.1/thumb/v7e-m+dp/hard\libc_nano.a
END GROUP
START GROUP
LOAD C:/ProgramData/MATLAB/SupportPackages/R2024b/3P.instrset/gnuarm-armcortex.instrset/win/bin/../lib/gcc/arm-none-eabi/13.2.1/thumb/v7e-m+dp/hard\libgcc.a
LOAD C:/ProgramData/MATLAB/SupportPackages/R2024b/3P.instrset/gnuarm-armcortex.instrset/win/bin/../lib/gcc/arm-none-eabi/13.2.1/thumb/v7e-m+dp/hard\libc_nano.a
LOAD C:/ProgramData/MATLAB/SupportPackages/R2024b/3P.instrset/gnuarm-armcortex.instrset/win/bin/../lib/gcc/arm-none-eabi/13.2.1/thumb/v7e-m+dp/hard\libnosys.a
END GROUP
START GROUP
LOAD C:/ProgramData/MATLAB/SupportPackages/R2024b/3P.instrset/gnuarm-armcortex.instrset/win/bin/../lib/gcc/arm-none-eabi/13.2.1/thumb/v7e-m+dp/hard\libgcc.a
LOAD C:/ProgramData/MATLAB/SupportPackages/R2024b/3P.instrset/gnuarm-armcortex.instrset/win/bin/../lib/gcc/arm-none-eabi/13.2.1/thumb/v7e-m+dp/hard\libc_nano.a
LOAD C:/ProgramData/MATLAB/SupportPackages/R2024b/3P.instrset/gnuarm-armcortex.instrset/win/bin/../lib/gcc/arm-none-eabi/13.2.1/thumb/v7e-m+dp/hard\libnosys.a
END GROUP
LOAD C:/ProgramData/MATLAB/SupportPackages/R2024b/3P.instrset/gnuarm-armcortex.instrset/win/bin/../lib/gcc/arm-none-eabi/13.2.1/thumb/v7e-m+dp/hard/crtend.o
LOAD C:/ProgramData/MATLAB/SupportPackages/R2024b/3P.instrset/gnuarm-armcortex.instrset/win/bin/../lib/gcc/arm-none-eabi/13.2.1/thumb/v7e-m+dp/hard/crtn.o
                0x24050000                        _estack = (ORIGIN (RAM_D1) + LENGTH (RAM_D1))
                0x00000200                        _Min_Heap_Size = 0x200
                0x00000400                        _Min_Stack_Size = 0x400

.isr_vector     0x08000000      0x2cc
                0x08000000                        . = ALIGN (0x4)
 *(.isr_vector)
 .isr_vector    0x08000000      0x2cc startup_stm32h723vgtx.o
                0x08000000                g_pfnVectors
                0x080002cc                        . = ALIGN (0x4)

.text           0x080002d0     0x8d38
                0x080002d0                        . = ALIGN (0x4)
 *(.text)
 *(.text*)
 .text.deregister_tm_clones
                0x080002d0       0x1c C:/ProgramData/MATLAB/SupportPackages/R2024b/3P.instrset/gnuarm-armcortex.instrset/win/bin/../lib/gcc/arm-none-eabi/13.2.1/thumb/v7e-m+dp/hard/crtbegin.o
 .text.register_tm_clones
                0x080002ec       0x24 C:/ProgramData/MATLAB/SupportPackages/R2024b/3P.instrset/gnuarm-armcortex.instrset/win/bin/../lib/gcc/arm-none-eabi/13.2.1/thumb/v7e-m+dp/hard/crtbegin.o
 .text.__do_global_dtors_aux
                0x08000310       0x28 C:/ProgramData/MATLAB/SupportPackages/R2024b/3P.instrset/gnuarm-armcortex.instrset/win/bin/../lib/gcc/arm-none-eabi/13.2.1/thumb/v7e-m+dp/hard/crtbegin.o
 .text.frame_dummy
                0x08000338       0x24 C:/ProgramData/MATLAB/SupportPackages/R2024b/3P.instrset/gnuarm-armcortex.instrset/win/bin/../lib/gcc/arm-none-eabi/13.2.1/thumb/v7e-m+dp/hard/crtbegin.o
 .text.MW_FDCAN_Initialize
                0x0800035c       0xb4 stm_fdcan_hal.o
                0x0800035c                MW_FDCAN_Initialize
 .text.MW_FDCAN_TransmitMessage
                0x08000410      0x220 stm_fdcan_hal.o
                0x08000410                MW_FDCAN_TransmitMessage
 .text.MW_FDCAN_ReceiveMessage
                0x08000630      0x194 stm_fdcan_hal.o
                0x08000630                MW_FDCAN_ReceiveMessage
 .text.MW_FDCAN_Close
                0x080007c4       0x2a stm_fdcan_hal.o
                0x080007c4                MW_FDCAN_Close
 *fill*         0x080007ee        0x2 
 .text.getFDCANModuleHandle
                0x080007f0       0x44 stm_fdcan_hal.o
                0x080007f0                getFDCANModuleHandle
 .text.MW_FDCAN_ConfigGlobalFilter
                0x08000834       0x38 stm_fdcan_hal.o
                0x08000834                MW_FDCAN_ConfigGlobalFilter
 .text.baseRateTask
                0x0800086c       0x78 ert_main.o
                0x0800086c                baseRateTask
 .text.terminateTask
                0x080008e4       0x34 ert_main.o
                0x080008e4                terminateTask
 .text.main     0x08000918       0x78 ert_main.o
                0x08000918                main
 .text.LL_GPIO_SetOutputPin
                0x08000990       0x1c FDCAN_GATEWAY.o
 .text.LL_GPIO_ResetOutputPin
                0x080009ac       0x1e FDCAN_GATEWAY.o
 .text.MW_FDCAN_Start
                0x080009ca       0x28 FDCAN_GATEWAY.o
 *fill*         0x080009f2        0x2 
 .text.FDCAN_GATEWAY_step
                0x080009f4      0x4b4 FDCAN_GATEWAY.o
                0x080009f4                FDCAN_GATEWAY_step
 .text.FDCAN_GATEWAY_initialize
                0x08000ea8      0x1a4 FDCAN_GATEWAY.o
                0x08000ea8                FDCAN_GATEWAY_initialize
 .text.FDCAN_GATEWAY_terminate
                0x0800104c      0x1a4 FDCAN_GATEWAY.o
                0x0800104c                FDCAN_GATEWAY_terminate
 .text.PeriphCommonClock_Config
                0x080011f0       0x10 platform_timer.o
                0x080011f0                PeriphCommonClock_Config
 .text.getCurrentTimestampInMicros
                0x08001200       0x40 platform_timer.o
                0x08001200                getCurrentTimestampInMicros
 .text.returnTimeElapsed
                0x08001240       0x2c platform_timer.o
                0x08001240                returnTimeElapsed
 .text.schedulerTask
                0x0800126c       0x1c mw_freertos_init.o
                0x0800126c                schedulerTask
 .text.baseRateTaskWrapper
                0x08001288       0x16 mw_freertos_init.o
                0x08001288                baseRateTaskWrapper
 *fill*         0x0800129e        0x2 
 .text.mw_RTOSInit
                0x080012a0      0x174 mw_freertos_init.o
                0x080012a0                mw_RTOSInit
 .text.mw_osThreadCreate
                0x08001414       0x68 mw_thread.o
                0x08001414                mw_osThreadCreate
 .text.mw_osThreadExit
                0x0800147c       0x16 mw_thread.o
                0x0800147c                mw_osThreadExit
 .text.mw_osTimerCreate
                0x08001492       0x42 mw_timer.o
                0x08001492                mw_osTimerCreate
 .text.mw_osTimerStart
                0x080014d4       0x48 mw_timer.o
                0x080014d4                mw_osTimerStart
 .text.mw_osSemaphoreCreate
                0x0800151c       0x2e mw_semaphore.o
                0x0800151c                mw_osSemaphoreCreate
 .text.mw_osSemaphoreWaitEver
                0x0800154a       0x3c mw_semaphore.o
                0x0800154a                mw_osSemaphoreWaitEver
 .text.mw_osSemaphoreRelease
                0x08001586       0x3c mw_semaphore.o
                0x08001586                mw_osSemaphoreRelease
 .text.LL_GPIO_ResetOutputPin
                0x080015c2       0x1e main.o
 .text.LL_AHB4_GRP1_EnableClock
                0x080015e0       0x38 main.o
 .text.SystemClock_Config
                0x08001618       0xe0 main.o
                0x08001618                SystemClock_Config
 .text.MX_FDCAN1_Init
                0x080016f8       0xcc main.o
                0x080016f8                MX_FDCAN1_Init
 .text.MX_FDCAN2_Init
                0x080017c4       0xc8 main.o
                0x080017c4                MX_FDCAN2_Init
 .text.MX_FDCAN3_Init
                0x0800188c       0xc8 main.o
                0x0800188c                MX_FDCAN3_Init
 .text.MX_GPIO_Init
                0x08001954       0x54 main.o
                0x08001954                MX_GPIO_Init
 .text.HAL_TIM_PeriodElapsedCallback
                0x080019a8       0x24 main.o
                0x080019a8                HAL_TIM_PeriodElapsedCallback
 .text.Error_Handler
                0x080019cc        0xc main.o
                0x080019cc                Error_Handler
 .text.NMI_Handler
                0x080019d8        0x8 stm32h7xx_it.o
                0x080019d8                NMI_Handler
 .text.HardFault_Handler
                0x080019e0        0x8 stm32h7xx_it.o
                0x080019e0                HardFault_Handler
 .text.MemManage_Handler
                0x080019e8        0x8 stm32h7xx_it.o
                0x080019e8                MemManage_Handler
 .text.BusFault_Handler
                0x080019f0        0x8 stm32h7xx_it.o
                0x080019f0                BusFault_Handler
 .text.UsageFault_Handler
                0x080019f8        0x8 stm32h7xx_it.o
                0x080019f8                UsageFault_Handler
 .text.DebugMon_Handler
                0x08001a00        0xe stm32h7xx_it.o
                0x08001a00                DebugMon_Handler
 *fill*         0x08001a0e        0x2 
 .text.TIM4_IRQHandler
                0x08001a10       0x14 stm32h7xx_it.o
                0x08001a10                TIM4_IRQHandler
 .text.HAL_MspInit
                0x08001a24       0x3c stm32h7xx_hal_msp.o
                0x08001a24                HAL_MspInit
 .text.HAL_FDCAN_MspInit
                0x08001a60      0x240 stm32h7xx_hal_msp.o
                0x08001a60                HAL_FDCAN_MspInit
 .text.HAL_FDCAN_MspDeInit
                0x08001ca0       0xd0 stm32h7xx_hal_msp.o
                0x08001ca0                HAL_FDCAN_MspDeInit
 .text.HAL_InitTick
                0x08001d70       0xd8 stm32h7xx_hal_timebase_tim.o
                0x08001d70                HAL_InitTick
 .text.LL_GPIO_SetPinMode
                0x08001e48       0x40 stm32h7xx_ll_gpio.o
 .text.LL_GPIO_SetPinOutputType
                0x08001e88       0x30 stm32h7xx_ll_gpio.o
 .text.LL_GPIO_SetPinSpeed
                0x08001eb8       0x40 stm32h7xx_ll_gpio.o
 .text.LL_GPIO_SetPinPull
                0x08001ef8       0x40 stm32h7xx_ll_gpio.o
 .text.LL_GPIO_SetAFPin_0_7
                0x08001f38       0x58 stm32h7xx_ll_gpio.o
 .text.LL_GPIO_SetAFPin_8_15
                0x08001f90       0x6c stm32h7xx_ll_gpio.o
 .text.LL_GPIO_Init
                0x08001ffc       0xdc stm32h7xx_ll_gpio.o
                0x08001ffc                LL_GPIO_Init
 .text.__NVIC_SetPriorityGrouping
                0x080020d8       0x48 stm32h7xx_hal_cortex.o
 .text.__NVIC_GetPriorityGrouping
                0x08002120       0x1c stm32h7xx_hal_cortex.o
 .text.__NVIC_EnableIRQ
                0x0800213c       0x3c stm32h7xx_hal_cortex.o
 .text.__NVIC_SetPriority
                0x08002178       0x54 stm32h7xx_hal_cortex.o
 .text.NVIC_EncodePriority
                0x080021cc       0x66 stm32h7xx_hal_cortex.o
 .text.HAL_NVIC_SetPriorityGrouping
                0x08002232       0x16 stm32h7xx_hal_cortex.o
                0x08002232                HAL_NVIC_SetPriorityGrouping
 .text.HAL_NVIC_SetPriority
                0x08002248       0x34 stm32h7xx_hal_cortex.o
                0x08002248                HAL_NVIC_SetPriority
 .text.HAL_NVIC_EnableIRQ
                0x0800227c       0x1c stm32h7xx_hal_cortex.o
                0x0800227c                HAL_NVIC_EnableIRQ
 .text.HAL_FDCAN_Init
                0x08002298      0x3bc stm32h7xx_hal_fdcan.o
                0x08002298                HAL_FDCAN_Init
 .text.HAL_FDCAN_DeInit
                0x08002654       0x48 stm32h7xx_hal_fdcan.o
                0x08002654                HAL_FDCAN_DeInit
 .text.HAL_FDCAN_ConfigGlobalFilter
                0x0800269c       0x5a stm32h7xx_hal_fdcan.o
                0x0800269c                HAL_FDCAN_ConfigGlobalFilter
 .text.HAL_FDCAN_Start
                0x080026f6       0x56 stm32h7xx_hal_fdcan.o
                0x080026f6                HAL_FDCAN_Start
 .text.HAL_FDCAN_Stop
                0x0800274c       0xee stm32h7xx_hal_fdcan.o
                0x0800274c                HAL_FDCAN_Stop
 .text.HAL_FDCAN_AddMessageToTxFifoQ
                0x0800283a       0xb6 stm32h7xx_hal_fdcan.o
                0x0800283a                HAL_FDCAN_AddMessageToTxFifoQ
 .text.HAL_FDCAN_GetRxMessage
                0x080028f0      0x2bc stm32h7xx_hal_fdcan.o
                0x080028f0                HAL_FDCAN_GetRxMessage
 .text.HAL_FDCAN_IsRxBufferMessageAvailable
                0x08002bac       0x8c stm32h7xx_hal_fdcan.o
                0x08002bac                HAL_FDCAN_IsRxBufferMessageAvailable
 .text.HAL_FDCAN_GetRxFifoFillLevel
                0x08002c38       0x3c stm32h7xx_hal_fdcan.o
                0x08002c38                HAL_FDCAN_GetRxFifoFillLevel
 .text.HAL_FDCAN_GetTxFifoFreeLevel
                0x08002c74       0x24 stm32h7xx_hal_fdcan.o
                0x08002c74                HAL_FDCAN_GetTxFifoFreeLevel
 .text.FDCAN_CalcultateRamBlockAddresses
                0x08002c98      0x30c stm32h7xx_hal_fdcan.o
 .text.FDCAN_CopyMessageToRAM
                0x08002fa4       0xfc stm32h7xx_hal_fdcan.o
 .text.HAL_RCC_OscConfig
                0x080030a0      0x75c stm32h7xx_hal_rcc.o
                0x080030a0                HAL_RCC_OscConfig
 .text.HAL_RCC_ClockConfig
                0x080037fc      0x36c stm32h7xx_hal_rcc.o
                0x080037fc                HAL_RCC_ClockConfig
 .text.HAL_RCC_GetSysClockFreq
                0x08003b68      0x2f4 stm32h7xx_hal_rcc.o
                0x08003b68                HAL_RCC_GetSysClockFreq
 .text.HAL_RCC_GetHCLKFreq
                0x08003e5c       0x60 stm32h7xx_hal_rcc.o
                0x08003e5c                HAL_RCC_GetHCLKFreq
 .text.HAL_RCC_GetPCLK1Freq
                0x08003ebc       0x2c stm32h7xx_hal_rcc.o
                0x08003ebc                HAL_RCC_GetPCLK1Freq
 .text.HAL_RCC_GetClockConfig
                0x08003ee8       0x84 stm32h7xx_hal_rcc.o
                0x08003ee8                HAL_RCC_GetClockConfig
 .text.HAL_RCCEx_PeriphCLKConfig
                0x08003f6c      0xdf4 stm32h7xx_hal_rcc_ex.o
                0x08003f6c                HAL_RCCEx_PeriphCLKConfig
 .text.RCCEx_PLL2_Config
                0x08004d60      0x164 stm32h7xx_hal_rcc_ex.o
 .text.RCCEx_PLL3_Config
                0x08004ec4      0x164 stm32h7xx_hal_rcc_ex.o
 .text.HAL_GPIO_Init
                0x08005028      0x350 stm32h7xx_hal_gpio.o
                0x08005028                HAL_GPIO_Init
 .text.HAL_GPIO_DeInit
                0x08005378      0x204 stm32h7xx_hal_gpio.o
                0x08005378                HAL_GPIO_DeInit
 .text.HAL_PWREx_ConfigSupply
                0x0800557c       0x74 stm32h7xx_hal_pwr_ex.o
                0x0800557c                HAL_PWREx_ConfigSupply
 .text.HAL_Init
                0x080055f0       0x78 stm32h7xx_hal.o
                0x080055f0                HAL_Init
 .text.HAL_IncTick
                0x08005668       0x28 stm32h7xx_hal.o
                0x08005668                HAL_IncTick
 .text.HAL_GetTick
                0x08005690       0x18 stm32h7xx_hal.o
                0x08005690                HAL_GetTick
 .text.HAL_TIM_Base_Init
                0x080056a8       0xae stm32h7xx_hal_tim.o
                0x080056a8                HAL_TIM_Base_Init
 .text.HAL_TIM_Base_MspInit
                0x08005756       0x14 stm32h7xx_hal_tim.o
                0x08005756                HAL_TIM_Base_MspInit
 *fill*         0x0800576a        0x2 
 .text.HAL_TIM_Base_Start_IT
                0x0800576c      0x10c stm32h7xx_hal_tim.o
                0x0800576c                HAL_TIM_Base_Start_IT
 .text.HAL_TIM_IRQHandler
                0x08005878      0x23e stm32h7xx_hal_tim.o
                0x08005878                HAL_TIM_IRQHandler
 .text.HAL_TIM_OC_DelayElapsedCallback
                0x08005ab6       0x14 stm32h7xx_hal_tim.o
                0x08005ab6                HAL_TIM_OC_DelayElapsedCallback
 .text.HAL_TIM_IC_CaptureCallback
                0x08005aca       0x14 stm32h7xx_hal_tim.o
                0x08005aca                HAL_TIM_IC_CaptureCallback
 .text.HAL_TIM_PWM_PulseFinishedCallback
                0x08005ade       0x14 stm32h7xx_hal_tim.o
                0x08005ade                HAL_TIM_PWM_PulseFinishedCallback
 .text.HAL_TIM_TriggerCallback
                0x08005af2       0x14 stm32h7xx_hal_tim.o
                0x08005af2                HAL_TIM_TriggerCallback
 *fill*         0x08005b06        0x2 
 .text.TIM_Base_SetConfig
                0x08005b08      0x14c stm32h7xx_hal_tim.o
                0x08005b08                TIM_Base_SetConfig
 .text.HAL_TIMEx_CommutCallback
                0x08005c54       0x14 stm32h7xx_hal_tim_ex.o
                0x08005c54                HAL_TIMEx_CommutCallback
 .text.HAL_TIMEx_BreakCallback
                0x08005c68       0x14 stm32h7xx_hal_tim_ex.o
                0x08005c68                HAL_TIMEx_BreakCallback
 .text.HAL_TIMEx_Break2Callback
                0x08005c7c       0x14 stm32h7xx_hal_tim_ex.o
                0x08005c7c                HAL_TIMEx_Break2Callback
 .text.vListInitialise
                0x08005c90       0x40 list.o
                0x08005c90                vListInitialise
 .text.vListInitialiseItem
                0x08005cd0       0x1a list.o
                0x08005cd0                vListInitialiseItem
 .text.vListInsertEnd
                0x08005cea       0x48 list.o
                0x08005cea                vListInsertEnd
 .text.vListInsert
                0x08005d32       0x72 list.o
                0x08005d32                vListInsert
 .text.uxListRemove
                0x08005da4       0x54 list.o
                0x08005da4                uxListRemove
 .text.xQueueGenericReset
                0x08005df8       0xd4 queue.o
                0x08005df8                xQueueGenericReset
 .text.xQueueGenericCreateStatic
                0x08005ecc       0xfa queue.o
                0x08005ecc                xQueueGenericCreateStatic
 .text.xQueueGenericCreate
                0x08005fc6       0x76 queue.o
                0x08005fc6                xQueueGenericCreate
 .text.prvInitialiseNewQueue
                0x0800603c       0x46 queue.o
 .text.xQueueCreateCountingSemaphore
                0x08006082       0x6a queue.o
                0x08006082                xQueueCreateCountingSemaphore
 .text.xQueueGenericSend
                0x080060ec      0x204 queue.o
                0x080060ec                xQueueGenericSend
 .text.xQueueGenericSendFromISR
                0x080062f0      0x13c queue.o
                0x080062f0                xQueueGenericSendFromISR
 .text.xQueueReceive
                0x0800642c      0x1c4 queue.o
                0x0800642c                xQueueReceive
 .text.xQueueSemaphoreTake
                0x080065f0      0x220 queue.o
                0x080065f0                xQueueSemaphoreTake
 .text.prvGetDisinheritPriorityAfterTimeout
                0x08006810       0x30 queue.o
 .text.prvCopyDataToQueue
                0x08006840       0xd4 queue.o
 .text.prvCopyDataFromQueue
                0x08006914       0x4c queue.o
 .text.prvUnlockQueue
                0x08006960       0xa4 queue.o
 .text.prvIsQueueEmpty
                0x08006a04       0x2c queue.o
 .text.prvIsQueueFull
                0x08006a30       0x30 queue.o
 .text.vQueueAddToRegistry
                0x08006a60       0x54 queue.o
                0x08006a60                vQueueAddToRegistry
 .text.vQueueWaitForMessageRestricted
                0x08006ab4       0x68 queue.o
                0x08006ab4                vQueueWaitForMessageRestricted
 .text.xTaskCreateStatic
                0x08006b1c       0xc4 tasks.o
                0x08006b1c                xTaskCreateStatic
 .text.xTaskCreate
                0x08006be0       0x8c tasks.o
                0x08006be0                xTaskCreate
 .text.prvInitialiseNewTask
                0x08006c6c      0x1a0 tasks.o
 .text.prvAddNewTaskToReadyList
                0x08006e0c       0xe0 tasks.o
 .text.vTaskDelete
                0x08006eec       0xe8 tasks.o
                0x08006eec                vTaskDelete
 .text.vTaskStartScheduler
                0x08006fd4       0xe0 tasks.o
                0x08006fd4                vTaskStartScheduler
 .text.vTaskSuspendAll
                0x080070b4       0x1c tasks.o
                0x080070b4                vTaskSuspendAll
 .text.xTaskResumeAll
                0x080070d0      0x13c tasks.o
                0x080070d0                xTaskResumeAll
 .text.xTaskGetTickCount
                0x0800720c       0x20 tasks.o
                0x0800720c                xTaskGetTickCount
 .text.xTaskIncrementTick
                0x0800722c      0x174 tasks.o
                0x0800722c                xTaskIncrementTick
 .text.vTaskSwitchContext
                0x080073a0       0xcc tasks.o
                0x080073a0                vTaskSwitchContext
 .text.vTaskPlaceOnEventList
                0x0800746c       0x4c tasks.o
                0x0800746c                vTaskPlaceOnEventList
 .text.vTaskPlaceOnEventListRestricted
                0x080074b8       0x58 tasks.o
                0x080074b8                vTaskPlaceOnEventListRestricted
 .text.xTaskRemoveFromEventList
                0x08007510       0xc8 tasks.o
                0x08007510                xTaskRemoveFromEventList
 .text.vTaskInternalSetTimeOutState
                0x080075d8       0x2c tasks.o
                0x080075d8                vTaskInternalSetTimeOutState
 .text.xTaskCheckForTimeOut
                0x08007604       0xc8 tasks.o
                0x08007604                xTaskCheckForTimeOut
 .text.vTaskMissedYield
                0x080076cc       0x18 tasks.o
                0x080076cc                vTaskMissedYield
 .text.prvIdleTask
                0x080076e4       0x30 tasks.o
 .text.prvInitialiseTaskLists
                0x08007714       0x80 tasks.o
 .text.prvCheckTasksWaitingTermination
                0x08007794       0x5c tasks.o
 .text.prvDeleteTCB
                0x080077f0       0x6a tasks.o
 *fill*         0x0800785a        0x2 
 .text.prvResetNextTaskUnblockTime
                0x0800785c       0x40 tasks.o
 .text.xTaskGetSchedulerState
                0x0800789c       0x3c tasks.o
                0x0800789c                xTaskGetSchedulerState
 .text.xTaskPriorityInherit
                0x080078d8       0xd0 tasks.o
                0x080078d8                xTaskPriorityInherit
 .text.xTaskPriorityDisinherit
                0x080079a8       0xe0 tasks.o
                0x080079a8                xTaskPriorityDisinherit
 .text.vTaskPriorityDisinheritAfterTimeout
                0x08007a88      0x108 tasks.o
                0x08007a88                vTaskPriorityDisinheritAfterTimeout
 .text.pvTaskIncrementMutexHeldCount
                0x08007b90       0x28 tasks.o
                0x08007b90                pvTaskIncrementMutexHeldCount
 .text.prvAddCurrentTaskToDelayedList
                0x08007bb8       0xa8 tasks.o
 .text.xTimerCreateTimerTask
                0x08007c60       0x94 timers.o
                0x08007c60                xTimerCreateTimerTask
 .text.xTimerCreate
                0x08007cf4       0x42 timers.o
                0x08007cf4                xTimerCreate
 .text.prvInitialiseNewTimer
                0x08007d36       0x78 timers.o
 *fill*         0x08007dae        0x2 
 .text.xTimerGenericCommand
                0x08007db0       0x9c timers.o
                0x08007db0                xTimerGenericCommand
 .text.prvProcessExpiredTimer
                0x08007e4c       0x9c timers.o
 .text.prvTimerTask
                0x08007ee8       0x26 timers.o
 *fill*         0x08007f0e        0x2 
 .text.prvProcessTimerOrBlockTask
                0x08007f10       0x9c timers.o
 .text.prvGetNextExpireTime
                0x08007fac       0x48 timers.o
 .text.prvSampleTimeNow
                0x08007ff4       0x40 timers.o
 .text.prvInsertTimerInActiveList
                0x08008034       0x84 timers.o
 .text.prvProcessReceivedCommands
                0x080080b8      0x1cc timers.o
 .text.prvSwitchTimerLists
                0x08008284       0xcc timers.o
 .text.prvCheckForValidListAndQueue
                0x08008350       0x80 timers.o
 .text.SysTick_Handler
                0x080083d0       0x20 cmsis_os2.o
                0x080083d0                SysTick_Handler
 .text.vApplicationGetIdleTaskMemory
                0x080083f0       0x34 cmsis_os2.o
                0x080083f0                vApplicationGetIdleTaskMemory
 .text.vApplicationGetTimerTaskMemory
                0x08008424       0x34 cmsis_os2.o
                0x08008424                vApplicationGetTimerTaskMemory
 .text.pvPortMalloc
                0x08008458      0x19c heap_4.o
                0x08008458                pvPortMalloc
 .text.vPortFree
                0x080085f4       0xc8 heap_4.o
                0x080085f4                vPortFree
 .text.prvHeapInit
                0x080086bc       0xc4 heap_4.o
 .text.prvInsertBlockIntoFreeList
                0x08008780       0xb4 heap_4.o
 .text.pxPortInitialiseStack
                0x08008834       0x68 port.o
                0x08008834                pxPortInitialiseStack
 .text.prvTaskExitError
                0x0800889c       0x5c port.o
 *fill*         0x080088f8        0x8 
 .text.SVC_Handler
                0x08008900       0x28 port.o
                0x08008900                SVC_Handler
 .text.prvPortStartFirstTask
                0x08008928       0x28 port.o
 .text.xPortStartScheduler
                0x08008950      0x148 port.o
                0x08008950                xPortStartScheduler
 .text.vPortEnterCritical
                0x08008a98       0x64 port.o
                0x08008a98                vPortEnterCritical
 .text.vPortExitCritical
                0x08008afc       0x54 port.o
                0x08008afc                vPortExitCritical
 .text.PendSV_Handler
                0x08008b50       0x68 port.o
                0x08008b50                PendSV_Handler
 .text.xPortSysTickHandler
                0x08008bb8       0x44 port.o
                0x08008bb8                xPortSysTickHandler
 .text.vPortSetupTimerInterrupt
                0x08008bfc       0x48 port.o
                0x08008bfc                vPortSetupTimerInterrupt
 .text.vPortEnableVFP
                0x08008c44       0x14 port.o
 .text.vPortValidateInterruptPriority
                0x08008c58       0x84 port.o
                0x08008c58                vPortValidateInterruptPriority
 .text.SystemInit
                0x08008cdc       0xf0 system_stm32h7xx.o
                0x08008cdc                SystemInit
 .text.Reset_Handler
                0x08008dcc       0x50 startup_stm32h723vgtx.o
                0x08008dcc                Reset_Handler
 .text.Default_Handler
                0x08008e1c        0x2 startup_stm32h723vgtx.o
                0x08008e1c                RTC_Alarm_IRQHandler
                0x08008e1c                EXTI2_IRQHandler
                0x08008e1c                TIM8_CC_IRQHandler
                0x08008e1c                UART8_IRQHandler
                0x08008e1c                SPI4_IRQHandler
                0x08008e1c                FDCAN3_IT0_IRQHandler
                0x08008e1c                TIM1_CC_IRQHandler
                0x08008e1c                BDMA_Channel6_IRQHandler
                0x08008e1c                DMA2_Stream5_IRQHandler
                0x08008e1c                DMA1_Stream5_IRQHandler
                0x08008e1c                CORDIC_IRQHandler
                0x08008e1c                BDMA_Channel1_IRQHandler
                0x08008e1c                TAMP_STAMP_IRQHandler
                0x08008e1c                EXTI3_IRQHandler
                0x08008e1c                LPTIM4_IRQHandler
                0x08008e1c                TIM8_TRG_COM_TIM14_IRQHandler
                0x08008e1c                LPTIM2_IRQHandler
                0x08008e1c                DFSDM1_FLT1_IRQHandler
                0x08008e1c                DMAMUX2_OVR_IRQHandler
                0x08008e1c                TIM8_UP_TIM13_IRQHandler
                0x08008e1c                I2C3_ER_IRQHandler
                0x08008e1c                DFSDM1_FLT2_IRQHandler
                0x08008e1c                I2C5_EV_IRQHandler
                0x08008e1c                USART10_IRQHandler
                0x08008e1c                MDMA_IRQHandler
                0x08008e1c                LPTIM3_IRQHandler
                0x08008e1c                HSEM1_IRQHandler
                0x08008e1c                EXTI0_IRQHandler
                0x08008e1c                I2C2_EV_IRQHandler
                0x08008e1c                DMA1_Stream2_IRQHandler
                0x08008e1c                FPU_IRQHandler
                0x08008e1c                OTG_HS_WKUP_IRQHandler
                0x08008e1c                FDCAN1_IT1_IRQHandler
                0x08008e1c                LTDC_ER_IRQHandler
                0x08008e1c                DMA2_Stream2_IRQHandler
                0x08008e1c                SPI1_IRQHandler
                0x08008e1c                OCTOSPI1_IRQHandler
                0x08008e1c                TIM6_DAC_IRQHandler
                0x08008e1c                DMA2_Stream3_IRQHandler
                0x08008e1c                OCTOSPI2_IRQHandler
                0x08008e1c                DFSDM1_FLT3_IRQHandler
                0x08008e1c                TIM23_IRQHandler
                0x08008e1c                USART6_IRQHandler
                0x08008e1c                TIM17_IRQHandler
                0x08008e1c                USART3_IRQHandler
                0x08008e1c                BDMA_Channel7_IRQHandler
                0x08008e1c                LPTIM5_IRQHandler
                0x08008e1c                UART5_IRQHandler
                0x08008e1c                ADC3_IRQHandler
                0x08008e1c                DMA2_Stream0_IRQHandler
                0x08008e1c                BDMA_Channel2_IRQHandler
                0x08008e1c                I2C1_EV_IRQHandler
                0x08008e1c                DMA1_Stream6_IRQHandler
                0x08008e1c                DMAMUX1_OVR_IRQHandler
                0x08008e1c                DMA1_Stream1_IRQHandler
                0x08008e1c                TIM16_IRQHandler
                0x08008e1c                UART4_IRQHandler
                0x08008e1c                BDMA_Channel5_IRQHandler
                0x08008e1c                TIM3_IRQHandler
                0x08008e1c                RCC_IRQHandler
                0x08008e1c                UART9_IRQHandler
                0x08008e1c                TIM8_BRK_TIM12_IRQHandler
                0x08008e1c                TIM1_TRG_COM_IRQHandler
                0x08008e1c                Default_Handler
                0x08008e1c                ECC_IRQHandler
                0x08008e1c                FMAC_IRQHandler
                0x08008e1c                CEC_IRQHandler
                0x08008e1c                EXTI15_10_IRQHandler
                0x08008e1c                BDMA_Channel0_IRQHandler
                0x08008e1c                ADC_IRQHandler
                0x08008e1c                I2C5_ER_IRQHandler
                0x08008e1c                DMA1_Stream7_IRQHandler
                0x08008e1c                SPI5_IRQHandler
                0x08008e1c                TIM7_IRQHandler
                0x08008e1c                FDCAN3_IT1_IRQHandler
                0x08008e1c                SDMMC1_IRQHandler
                0x08008e1c                TIM5_IRQHandler
                0x08008e1c                DMA2_Stream7_IRQHandler
                0x08008e1c                TIM15_IRQHandler
                0x08008e1c                PVD_AVD_IRQHandler
                0x08008e1c                I2C3_EV_IRQHandler
                0x08008e1c                EXTI9_5_IRQHandler
                0x08008e1c                RTC_WKUP_IRQHandler
                0x08008e1c                LTDC_IRQHandler
                0x08008e1c                ETH_WKUP_IRQHandler
                0x08008e1c                SPDIF_RX_IRQHandler
                0x08008e1c                SPI2_IRQHandler
                0x08008e1c                OTG_HS_EP1_IN_IRQHandler
                0x08008e1c                DMA1_Stream0_IRQHandler
                0x08008e1c                TIM24_IRQHandler
                0x08008e1c                CRS_IRQHandler
                0x08008e1c                EXTI4_IRQHandler
                0x08008e1c                RNG_IRQHandler
                0x08008e1c                FDCAN2_IT1_IRQHandler
                0x08008e1c                ETH_IRQHandler
                0x08008e1c                TIM1_UP_IRQHandler
                0x08008e1c                BDMA_Channel4_IRQHandler
                0x08008e1c                OTG_HS_EP1_OUT_IRQHandler
                0x08008e1c                WWDG_IRQHandler
                0x08008e1c                SPI6_IRQHandler
                0x08008e1c                MDIOS_IRQHandler
                0x08008e1c                I2C4_EV_IRQHandler
                0x08008e1c                FDCAN2_IT0_IRQHandler
                0x08008e1c                LPUART1_IRQHandler
                0x08008e1c                FDCAN1_IT0_IRQHandler
                0x08008e1c                TIM2_IRQHandler
                0x08008e1c                OTG_HS_IRQHandler
                0x08008e1c                DMA2D_IRQHandler
                0x08008e1c                TIM1_BRK_IRQHandler
                0x08008e1c                EXTI1_IRQHandler
                0x08008e1c                SDMMC2_IRQHandler
                0x08008e1c                BDMA_Channel3_IRQHandler
                0x08008e1c                DTS_IRQHandler
                0x08008e1c                UART7_IRQHandler
                0x08008e1c                MDIOS_WKUP_IRQHandler
                0x08008e1c                USART2_IRQHandler
                0x08008e1c                DFSDM1_FLT0_IRQHandler
                0x08008e1c                SAI4_IRQHandler
                0x08008e1c                I2C2_ER_IRQHandler
                0x08008e1c                DMA2_Stream1_IRQHandler
                0x08008e1c                FLASH_IRQHandler
                0x08008e1c                DMA2_Stream4_IRQHandler
                0x08008e1c                USART1_IRQHandler
                0x08008e1c                SPI3_IRQHandler
                0x08008e1c                WAKEUP_PIN_IRQHandler
                0x08008e1c                DMA1_Stream4_IRQHandler
                0x08008e1c                I2C1_ER_IRQHandler
                0x08008e1c                FMC_IRQHandler
                0x08008e1c                FDCAN_CAL_IRQHandler
                0x08008e1c                SWPMI1_IRQHandler
                0x08008e1c                COMP1_IRQHandler
                0x08008e1c                LPTIM1_IRQHandler
                0x08008e1c                DCMI_PSSI_IRQHandler
                0x08008e1c                I2C4_ER_IRQHandler
                0x08008e1c                DMA2_Stream6_IRQHandler
                0x08008e1c                SAI1_IRQHandler
                0x08008e1c                DMA1_Stream3_IRQHandler
 .text.memset   0x08008e1e       0x10 C:/ProgramData/MATLAB/SupportPackages/R2024b/3P.instrset/gnuarm-armcortex.instrset/win/bin/../lib/gcc/arm-none-eabi/13.2.1/thumb/v7e-m+dp/hard\libc_nano.a(libc_a-memset.o)
                0x08008e1e                memset
 *fill*         0x08008e2e        0x2 
 .text._reclaim_reent
                0x08008e30       0xac C:/ProgramData/MATLAB/SupportPackages/R2024b/3P.instrset/gnuarm-armcortex.instrset/win/bin/../lib/gcc/arm-none-eabi/13.2.1/thumb/v7e-m+dp/hard\libc_nano.a(libc_a-reent.o)
                0x08008e30                _reclaim_reent
 .text.__libc_init_array
                0x08008edc       0x48 C:/ProgramData/MATLAB/SupportPackages/R2024b/3P.instrset/gnuarm-armcortex.instrset/win/bin/../lib/gcc/arm-none-eabi/13.2.1/thumb/v7e-m+dp/hard\libc_nano.a(libc_a-init.o)
                0x08008edc                __libc_init_array
 .text.__retarget_lock_acquire_recursive
                0x08008f24        0x2 C:/ProgramData/MATLAB/SupportPackages/R2024b/3P.instrset/gnuarm-armcortex.instrset/win/bin/../lib/gcc/arm-none-eabi/13.2.1/thumb/v7e-m+dp/hard\libc_nano.a(libc_a-lock.o)
                0x08008f24                __retarget_lock_acquire_recursive
 .text.__retarget_lock_release_recursive
                0x08008f26        0x2 C:/ProgramData/MATLAB/SupportPackages/R2024b/3P.instrset/gnuarm-armcortex.instrset/win/bin/../lib/gcc/arm-none-eabi/13.2.1/thumb/v7e-m+dp/hard\libc_nano.a(libc_a-lock.o)
                0x08008f26                __retarget_lock_release_recursive
 .text.memcpy   0x08008f28       0x1c C:/ProgramData/MATLAB/SupportPackages/R2024b/3P.instrset/gnuarm-armcortex.instrset/win/bin/../lib/gcc/arm-none-eabi/13.2.1/thumb/v7e-m+dp/hard\libc_nano.a(libc_a-memcpy-stub.o)
                0x08008f28                memcpy
 .text._free_r  0x08008f44       0x94 C:/ProgramData/MATLAB/SupportPackages/R2024b/3P.instrset/gnuarm-armcortex.instrset/win/bin/../lib/gcc/arm-none-eabi/13.2.1/thumb/v7e-m+dp/hard\libc_nano.a(libc_a-freer.o)
                0x08008f44                _free_r
 .text.__malloc_lock
                0x08008fd8        0xc C:/ProgramData/MATLAB/SupportPackages/R2024b/3P.instrset/gnuarm-armcortex.instrset/win/bin/../lib/gcc/arm-none-eabi/13.2.1/thumb/v7e-m+dp/hard\libc_nano.a(libc_a-mlock.o)
                0x08008fd8                __malloc_lock
 .text.__malloc_unlock
                0x08008fe4        0xc C:/ProgramData/MATLAB/SupportPackages/R2024b/3P.instrset/gnuarm-armcortex.instrset/win/bin/../lib/gcc/arm-none-eabi/13.2.1/thumb/v7e-m+dp/hard\libc_nano.a(libc_a-mlock.o)
                0x08008fe4                __malloc_unlock
 *(.glue_7)
 .glue_7        0x08008ff0        0x0 linker stubs
 *(.glue_7t)
 .glue_7t       0x08008ff0        0x0 linker stubs
 *(.eh_frame)
 .eh_frame      0x08008ff0        0x0 C:/ProgramData/MATLAB/SupportPackages/R2024b/3P.instrset/gnuarm-armcortex.instrset/win/bin/../lib/gcc/arm-none-eabi/13.2.1/thumb/v7e-m+dp/hard/crtbegin.o
 *(.init)
 .init          0x08008ff0        0x4 C:/ProgramData/MATLAB/SupportPackages/R2024b/3P.instrset/gnuarm-armcortex.instrset/win/bin/../lib/gcc/arm-none-eabi/13.2.1/thumb/v7e-m+dp/hard/crti.o
                0x08008ff0                _init
 .init          0x08008ff4        0x8 C:/ProgramData/MATLAB/SupportPackages/R2024b/3P.instrset/gnuarm-armcortex.instrset/win/bin/../lib/gcc/arm-none-eabi/13.2.1/thumb/v7e-m+dp/hard/crtn.o
 *(.fini)
 .fini          0x08008ffc        0x4 C:/ProgramData/MATLAB/SupportPackages/R2024b/3P.instrset/gnuarm-armcortex.instrset/win/bin/../lib/gcc/arm-none-eabi/13.2.1/thumb/v7e-m+dp/hard/crti.o
                0x08008ffc                _fini
 .fini          0x08009000        0x8 C:/ProgramData/MATLAB/SupportPackages/R2024b/3P.instrset/gnuarm-armcortex.instrset/win/bin/../lib/gcc/arm-none-eabi/13.2.1/thumb/v7e-m+dp/hard/crtn.o
                0x08009008                        . = ALIGN (0x4)
                0x08009008                        _etext = .

.vfp11_veneer   0x08009008        0x0
 .vfp11_veneer  0x08009008        0x0 linker stubs

.v4_bx          0x08009008        0x0
 .v4_bx         0x08009008        0x0 linker stubs

.iplt           0x08009008        0x0
 .iplt          0x08009008        0x0 C:/ProgramData/MATLAB/SupportPackages/R2024b/3P.instrset/gnuarm-armcortex.instrset/win/bin/../lib/gcc/arm-none-eabi/13.2.1/thumb/v7e-m+dp/hard/crtbegin.o

.rodata         0x08009008       0x9c
                0x08009008                        . = ALIGN (0x4)
 *(.rodata)
 .rodata        0x08009008       0x13 mw_freertos_init.o
 *fill*         0x0800901b        0x1 
 .rodata        0x0800901c       0x4c stm32h7xx_hal_fdcan.o
 .rodata        0x08009068        0x5 tasks.o
 *fill*         0x0800906d        0x3 
 .rodata        0x08009070        0xd timers.o
 *(.rodata*)
 *fill*         0x0800907d        0x3 
 .rodata.FDCAN_GATEWAY_M
                0x08009080        0x4 FDCAN_GATEWAY.o
                0x08009080                FDCAN_GATEWAY_M
 .rodata.DLCtoBytes
                0x08009084       0x10 stm32h7xx_hal_fdcan.o
 .rodata.D1CorePrescTable
                0x08009094       0x10 system_stm32h7xx.o
                0x08009094                D1CorePrescTable
                0x080090a4                        . = ALIGN (0x4)

.rel.dyn        0x080090a4        0x0
 .rel.iplt      0x080090a4        0x0 C:/ProgramData/MATLAB/SupportPackages/R2024b/3P.instrset/gnuarm-armcortex.instrset/win/bin/../lib/gcc/arm-none-eabi/13.2.1/thumb/v7e-m+dp/hard/crtbegin.o

.ARM.extab
 *(.ARM.extab* .gnu.linkonce.armextab.*)

.ARM            0x080090a4        0x0
                0x080090a4                        __exidx_start = .
 *(.ARM.exidx*)
                0x080090a4                        __exidx_end = .

.preinit_array  0x080090a4        0x0
                0x080090a4                        PROVIDE (__preinit_array_start = .)
 *(.preinit_array*)
                0x080090a4                        PROVIDE (__preinit_array_end = .)

.init_array     0x080090a4        0x4
                0x080090a4                        PROVIDE (__init_array_start = .)
 *(SORT_BY_NAME(.init_array.*))
 *(.init_array*)
 .init_array    0x080090a4        0x4 C:/ProgramData/MATLAB/SupportPackages/R2024b/3P.instrset/gnuarm-armcortex.instrset/win/bin/../lib/gcc/arm-none-eabi/13.2.1/thumb/v7e-m+dp/hard/crtbegin.o
                0x080090a8                        PROVIDE (__init_array_end = .)

.fini_array     0x080090a8        0x4
                [!provide]                        PROVIDE (__fini_array_start = .)
 *(SORT_BY_NAME(.fini_array.*))
 *(.fini_array*)
 .fini_array    0x080090a8        0x4 C:/ProgramData/MATLAB/SupportPackages/R2024b/3P.instrset/gnuarm-armcortex.instrset/win/bin/../lib/gcc/arm-none-eabi/13.2.1/thumb/v7e-m+dp/hard/crtbegin.o
                [!provide]                        PROVIDE (__fini_array_end = .)
                0x080090ac                        _sidata = LOADADDR (.data)

.data           0x24000000       0x7c load address 0x080090ac
                0x24000000                        . = ALIGN (0x4)
                0x24000000                        _sdata = .
 *(.data)
 *(.data*)
 .data.runModel
                0x24000000        0x1 ert_main.o
                0x24000000                runModel
 *fill*         0x24000001        0x7 
 .data.FDCAN_GATEWAY_P
                0x24000008       0x10 FDCAN_GATEWAY_data.o
                0x24000008                FDCAN_GATEWAY_P
 .data.uwTickPrio
                0x24000018        0x4 stm32h7xx_hal.o
                0x24000018                uwTickPrio
 .data.uwTickFreq
                0x2400001c        0x1 stm32h7xx_hal.o
                0x2400001c                uwTickFreq
 *fill*         0x2400001d        0x3 
 .data.uxCriticalNesting
                0x24000020        0x4 port.o
 .data.SystemCoreClock
                0x24000024        0x4 system_stm32h7xx.o
                0x24000024                SystemCoreClock
 .data.SystemD2Clock
                0x24000028        0x4 system_stm32h7xx.o
                0x24000028                SystemD2Clock
 .data._impure_ptr
                0x2400002c        0x4 C:/ProgramData/MATLAB/SupportPackages/R2024b/3P.instrset/gnuarm-armcortex.instrset/win/bin/../lib/gcc/arm-none-eabi/13.2.1/thumb/v7e-m+dp/hard\libc_nano.a(libc_a-impure.o)
                0x2400002c                _impure_ptr
 .data._impure_data
                0x24000030       0x4c C:/ProgramData/MATLAB/SupportPackages/R2024b/3P.instrset/gnuarm-armcortex.instrset/win/bin/../lib/gcc/arm-none-eabi/13.2.1/thumb/v7e-m+dp/hard\libc_nano.a(libc_a-impure.o)
                0x24000030                _impure_data
 *(.RamFunc)
 *(.RamFunc*)
                0x2400007c                        . = ALIGN (0x4)
                0x2400007c                        _edata = .

.tm_clone_table
                0x2400007c        0x0 load address 0x08009128
 .tm_clone_table
                0x2400007c        0x0 C:/ProgramData/MATLAB/SupportPackages/R2024b/3P.instrset/gnuarm-armcortex.instrset/win/bin/../lib/gcc/arm-none-eabi/13.2.1/thumb/v7e-m+dp/hard/crtbegin.o
 .tm_clone_table
                0x2400007c        0x0 C:/ProgramData/MATLAB/SupportPackages/R2024b/3P.instrset/gnuarm-armcortex.instrset/win/bin/../lib/gcc/arm-none-eabi/13.2.1/thumb/v7e-m+dp/hard/crtend.o

.igot.plt       0x2400007c        0x0 load address 0x08009128
 .igot.plt      0x2400007c        0x0 C:/ProgramData/MATLAB/SupportPackages/R2024b/3P.instrset/gnuarm-armcortex.instrset/win/bin/../lib/gcc/arm-none-eabi/13.2.1/thumb/v7e-m+dp/hard/crtbegin.o
                0x2400007c                        . = ALIGN (0x4)

.bss            0x24000080     0x5100 load address 0x08009128
                0x24000080                        _sbss = .
                0x24000080                        __bss_start__ = _sbss
 *(.bss)
 *(.bss*)
 .bss.completed.1
                0x24000080        0x1 C:/ProgramData/MATLAB/SupportPackages/R2024b/3P.instrset/gnuarm-armcortex.instrset/win/bin/../lib/gcc/arm-none-eabi/13.2.1/thumb/v7e-m+dp/hard/crtbegin.o
 *fill*         0x24000081        0x3 
 .bss.object.0  0x24000084       0x18 C:/ProgramData/MATLAB/SupportPackages/R2024b/3P.instrset/gnuarm-armcortex.instrset/win/bin/../lib/gcc/arm-none-eabi/13.2.1/thumb/v7e-m+dp/hard/crtbegin.o
 .bss.mw_fdcan1
                0x2400009c        0x8 stm_fdcan_hal.o
                0x2400009c                mw_fdcan1
 .bss.mw_fdcan2
                0x240000a4        0x8 stm_fdcan_hal.o
                0x240000a4                mw_fdcan2
 .bss.mw_fdcan3
                0x240000ac        0x8 stm_fdcan_hal.o
                0x240000ac                mw_fdcan3
 .bss.stopRequested
                0x240000b4        0x1 ert_main.o
                0x240000b4                stopRequested
 *fill*         0x240000b5        0x3 
 .bss.stopSem   0x240000b8        0x4 ert_main.o
                0x240000b8                stopSem
 .bss.baserateTaskSem
                0x240000bc        0x4 ert_main.o
                0x240000bc                baserateTaskSem
 .bss.baseRateThread
                0x240000c0       0x1c ert_main.o
                0x240000c0                baseRateThread
 .bss.terminatingmodel
                0x240000dc        0x4 ert_main.o
                0x240000dc                terminatingmodel
 .bss.FDCAN_GATEWAY_B
                0x240000e0       0xc0 FDCAN_GATEWAY.o
                0x240000e0                FDCAN_GATEWAY_B
 .bss.FDCAN_GATEWAY_DW
                0x240001a0       0xac FDCAN_GATEWAY.o
                0x240001a0                FDCAN_GATEWAY_DW
 .bss.FDCAN_GATEWAY_M_
                0x2400024c        0x4 FDCAN_GATEWAY.o
 .bss.mw_scheduler_timer_def
                0x24000250       0x20 mw_freertos_init.o
                0x24000250                mw_scheduler_timer_def
 .bss.mw_timer_id
                0x24000270        0x4 mw_freertos_init.o
                0x24000270                mw_timer_id
 .bss.hfdcan1   0x24000274       0xa0 main.o
                0x24000274                hfdcan1
 .bss.hfdcan2   0x24000314       0xa0 main.o
                0x24000314                hfdcan2
 .bss.hfdcan3   0x240003b4       0xa0 main.o
                0x240003b4                hfdcan3
 .bss.HAL_RCC_FDCAN_CLK_ENABLED
                0x24000454        0x4 stm32h7xx_hal_msp.o
 .bss.htim4     0x24000458       0x4c stm32h7xx_hal_timebase_tim.o
                0x24000458                htim4
 .bss.uwTick    0x240004a4        0x4 stm32h7xx_hal.o
                0x240004a4                uwTick
 .bss.xQueueRegistry
                0x240004a8       0x40 queue.o
                0x240004a8                xQueueRegistry
 .bss.pxCurrentTCB
                0x240004e8        0x4 tasks.o
                0x240004e8                pxCurrentTCB
 .bss.pxReadyTasksLists
                0x240004ec      0x460 tasks.o
 .bss.xDelayedTaskList1
                0x2400094c       0x14 tasks.o
 .bss.xDelayedTaskList2
                0x24000960       0x14 tasks.o
 .bss.pxDelayedTaskList
                0x24000974        0x4 tasks.o
 .bss.pxOverflowDelayedTaskList
                0x24000978        0x4 tasks.o
 .bss.xPendingReadyList
                0x2400097c       0x14 tasks.o
 .bss.xTasksWaitingTermination
                0x24000990       0x14 tasks.o
 .bss.uxDeletedTasksWaitingCleanUp
                0x240009a4        0x4 tasks.o
 .bss.xSuspendedTaskList
                0x240009a8       0x14 tasks.o
 .bss.uxCurrentNumberOfTasks
                0x240009bc        0x4 tasks.o
 .bss.xTickCount
                0x240009c0        0x4 tasks.o
 .bss.uxTopReadyPriority
                0x240009c4        0x4 tasks.o
 .bss.xSchedulerRunning
                0x240009c8        0x4 tasks.o
 .bss.xPendedTicks
                0x240009cc        0x4 tasks.o
 .bss.xYieldPending
                0x240009d0        0x4 tasks.o
 .bss.xNumOfOverflows
                0x240009d4        0x4 tasks.o
 .bss.uxTaskNumber
                0x240009d8        0x4 tasks.o
 .bss.xNextTaskUnblockTime
                0x240009dc        0x4 tasks.o
 .bss.xIdleTaskHandle
                0x240009e0        0x4 tasks.o
 .bss.uxSchedulerSuspended
                0x240009e4        0x4 tasks.o
 .bss.xActiveTimerList1
                0x240009e8       0x14 timers.o
 .bss.xActiveTimerList2
                0x240009fc       0x14 timers.o
 .bss.pxCurrentTimerList
                0x24000a10        0x4 timers.o
 .bss.pxOverflowTimerList
                0x24000a14        0x4 timers.o
 .bss.xTimerQueue
                0x24000a18        0x4 timers.o
 .bss.xTimerTaskHandle
                0x24000a1c        0x4 timers.o
 .bss.xLastTime.2
                0x24000a20        0x4 timers.o
 .bss.ucStaticTimerQueueStorage.1
                0x24000a24       0xa0 timers.o
 .bss.xStaticTimerQueue.0
                0x24000ac4       0x50 timers.o
 *fill*         0x24000b14        0x4 
 .bss.Idle_TCB.3
                0x24000b18      0x180 cmsis_os2.o
 .bss.Idle_Stack.2
                0x24000c98      0x200 cmsis_os2.o
 .bss.Timer_TCB.1
                0x24000e98      0x180 cmsis_os2.o
 .bss.Timer_Stack.0
                0x24001018      0x400 cmsis_os2.o
 .bss.ucHeap    0x24001418     0x3c00 heap_4.o
 .bss.xStart    0x24005018        0x8 heap_4.o
 .bss.pxEnd     0x24005020        0x4 heap_4.o
 .bss.xFreeBytesRemaining
                0x24005024        0x4 heap_4.o
 .bss.xMinimumEverFreeBytesRemaining
                0x24005028        0x4 heap_4.o
 .bss.xNumberOfSuccessfulAllocations
                0x2400502c        0x4 heap_4.o
 .bss.xNumberOfSuccessfulFrees
                0x24005030        0x4 heap_4.o
 .bss.xBlockAllocatedBit
                0x24005034        0x4 heap_4.o
 .bss.ucMaxSysCallPriority
                0x24005038        0x1 port.o
 *fill*         0x24005039        0x3 
 .bss.ulMaxPRIGROUPValue
                0x2400503c        0x4 port.o
 .bss.__sf      0x24005040      0x138 C:/ProgramData/MATLAB/SupportPackages/R2024b/3P.instrset/gnuarm-armcortex.instrset/win/bin/../lib/gcc/arm-none-eabi/13.2.1/thumb/v7e-m+dp/hard\libc_nano.a(libc_a-findfp.o)
                0x24005040                __sf
 .bss.__lock___malloc_recursive_mutex
                0x24005178        0x1 C:/ProgramData/MATLAB/SupportPackages/R2024b/3P.instrset/gnuarm-armcortex.instrset/win/bin/../lib/gcc/arm-none-eabi/13.2.1/thumb/v7e-m+dp/hard\libc_nano.a(libc_a-lock.o)
                0x24005178                __lock___malloc_recursive_mutex
 *fill*         0x24005179        0x3 
 .bss.__malloc_free_list
                0x2400517c        0x4 C:/ProgramData/MATLAB/SupportPackages/R2024b/3P.instrset/gnuarm-armcortex.instrset/win/bin/../lib/gcc/arm-none-eabi/13.2.1/thumb/v7e-m+dp/hard\libc_nano.a(libc_a-mallocr.o)
                0x2400517c                __malloc_free_list
 *(COMMON)
                0x24005180                        . = ALIGN (0x4)
                0x24005180                        _ebss = .
                0x24005180                        __bss_end__ = _ebss

._user_heap_stack
                0x24005180      0x600 load address 0x08009128
                0x24005180                        . = ALIGN (0x8)
                [!provide]                        PROVIDE (end = .)
                0x24005180                        PROVIDE (_end = .)
                0x24005380                        . = (. + _Min_Heap_Size)
 *fill*         0x24005180      0x200 
                0x24005780                        . = (. + _Min_Stack_Size)
 *fill*         0x24005380      0x400 
                0x24005780                        . = ALIGN (0x8)

/DISCARD/
 libc.a(*)
 libm.a(*)
 libgcc.a(*)

.ARM.attributes
                0x00000000       0x2e
 *(.ARM.attributes)
 .ARM.attributes
                0x00000000       0x20 C:/ProgramData/MATLAB/SupportPackages/R2024b/3P.instrset/gnuarm-armcortex.instrset/win/bin/../lib/gcc/arm-none-eabi/13.2.1/thumb/v7e-m+dp/hard/crti.o
 .ARM.attributes
                0x00000020       0x32 C:/ProgramData/MATLAB/SupportPackages/R2024b/3P.instrset/gnuarm-armcortex.instrset/win/bin/../lib/gcc/arm-none-eabi/13.2.1/thumb/v7e-m+dp/hard/crtbegin.o
 .ARM.attributes
                0x00000052       0x32 stm_fdcan_hal.o
 .ARM.attributes
                0x00000084       0x32 ert_main.o
 .ARM.attributes
                0x000000b6       0x32 FDCAN_GATEWAY.o
 .ARM.attributes
                0x000000e8       0x32 FDCAN_GATEWAY_data.o
 .ARM.attributes
                0x0000011a       0x32 platform_timer.o
 .ARM.attributes
                0x0000014c       0x32 mw_freertos_init.o
 .ARM.attributes
                0x0000017e       0x32 mw_thread.o
 .ARM.attributes
                0x000001b0       0x32 mw_timer.o
 .ARM.attributes
                0x000001e2       0x32 mw_semaphore.o
 .ARM.attributes
                0x00000214       0x32 main.o
 .ARM.attributes
                0x00000246       0x32 stm32h7xx_it.o
 .ARM.attributes
                0x00000278       0x32 stm32h7xx_hal_msp.o
 .ARM.attributes
                0x000002aa       0x32 stm32h7xx_hal_timebase_tim.o
 .ARM.attributes
                0x000002dc       0x32 stm32h7xx_ll_gpio.o
 .ARM.attributes
                0x0000030e       0x32 stm32h7xx_hal_cortex.o
 .ARM.attributes
                0x00000340       0x32 stm32h7xx_hal_fdcan.o
 .ARM.attributes
                0x00000372       0x32 stm32h7xx_hal_rcc.o
 .ARM.attributes
                0x000003a4       0x32 stm32h7xx_hal_rcc_ex.o
 .ARM.attributes
                0x000003d6       0x32 stm32h7xx_hal_gpio.o
 .ARM.attributes
                0x00000408       0x32 stm32h7xx_hal_pwr_ex.o
 .ARM.attributes
                0x0000043a       0x32 stm32h7xx_hal.o
 .ARM.attributes
                0x0000046c       0x32 stm32h7xx_hal_tim.o
 .ARM.attributes
                0x0000049e       0x32 stm32h7xx_hal_tim_ex.o
 .ARM.attributes
                0x000004d0       0x32 list.o
 .ARM.attributes
                0x00000502       0x32 queue.o
 .ARM.attributes
                0x00000534       0x32 tasks.o
 .ARM.attributes
                0x00000566       0x32 timers.o
 .ARM.attributes
                0x00000598       0x32 cmsis_os2.o
 .ARM.attributes
                0x000005ca       0x32 heap_4.o
 .ARM.attributes
                0x000005fc       0x32 port.o
 .ARM.attributes
                0x0000062e       0x32 system_stm32h7xx.o
 .ARM.attributes
                0x00000660       0x21 startup_stm32h723vgtx.o
 .ARM.attributes
                0x00000681       0x32 C:/ProgramData/MATLAB/SupportPackages/R2024b/3P.instrset/gnuarm-armcortex.instrset/win/bin/../lib/gcc/arm-none-eabi/13.2.1/thumb/v7e-m+dp/hard\libc_nano.a(libc_a-findfp.o)
 .ARM.attributes
                0x000006b3       0x32 C:/ProgramData/MATLAB/SupportPackages/R2024b/3P.instrset/gnuarm-armcortex.instrset/win/bin/../lib/gcc/arm-none-eabi/13.2.1/thumb/v7e-m+dp/hard\libc_nano.a(libc_a-memset.o)
 .ARM.attributes
                0x000006e5       0x32 C:/ProgramData/MATLAB/SupportPackages/R2024b/3P.instrset/gnuarm-armcortex.instrset/win/bin/../lib/gcc/arm-none-eabi/13.2.1/thumb/v7e-m+dp/hard\libc_nano.a(libc_a-reent.o)
 .ARM.attributes
                0x00000717       0x32 C:/ProgramData/MATLAB/SupportPackages/R2024b/3P.instrset/gnuarm-armcortex.instrset/win/bin/../lib/gcc/arm-none-eabi/13.2.1/thumb/v7e-m+dp/hard\libc_nano.a(libc_a-impure.o)
 .ARM.attributes
                0x00000749       0x32 C:/ProgramData/MATLAB/SupportPackages/R2024b/3P.instrset/gnuarm-armcortex.instrset/win/bin/../lib/gcc/arm-none-eabi/13.2.1/thumb/v7e-m+dp/hard\libc_nano.a(libc_a-init.o)
 .ARM.attributes
                0x0000077b       0x32 C:/ProgramData/MATLAB/SupportPackages/R2024b/3P.instrset/gnuarm-armcortex.instrset/win/bin/../lib/gcc/arm-none-eabi/13.2.1/thumb/v7e-m+dp/hard\libc_nano.a(libc_a-lock.o)
 .ARM.attributes
                0x000007ad       0x32 C:/ProgramData/MATLAB/SupportPackages/R2024b/3P.instrset/gnuarm-armcortex.instrset/win/bin/../lib/gcc/arm-none-eabi/13.2.1/thumb/v7e-m+dp/hard\libc_nano.a(libc_a-memcpy-stub.o)
 .ARM.attributes
                0x000007df       0x32 C:/ProgramData/MATLAB/SupportPackages/R2024b/3P.instrset/gnuarm-armcortex.instrset/win/bin/../lib/gcc/arm-none-eabi/13.2.1/thumb/v7e-m+dp/hard\libc_nano.a(libc_a-freer.o)
 .ARM.attributes
                0x00000811       0x32 C:/ProgramData/MATLAB/SupportPackages/R2024b/3P.instrset/gnuarm-armcortex.instrset/win/bin/../lib/gcc/arm-none-eabi/13.2.1/thumb/v7e-m+dp/hard\libc_nano.a(libc_a-mallocr.o)
 .ARM.attributes
                0x00000843       0x32 C:/ProgramData/MATLAB/SupportPackages/R2024b/3P.instrset/gnuarm-armcortex.instrset/win/bin/../lib/gcc/arm-none-eabi/13.2.1/thumb/v7e-m+dp/hard\libc_nano.a(libc_a-mlock.o)
 .ARM.attributes
                0x00000875       0x32 C:/ProgramData/MATLAB/SupportPackages/R2024b/3P.instrset/gnuarm-armcortex.instrset/win/bin/../lib/gcc/arm-none-eabi/13.2.1/thumb/v7e-m+dp/hard/crtend.o
 .ARM.attributes
                0x000008a7       0x20 C:/ProgramData/MATLAB/SupportPackages/R2024b/3P.instrset/gnuarm-armcortex.instrset/win/bin/../lib/gcc/arm-none-eabi/13.2.1/thumb/v7e-m+dp/hard/crtn.o

.dma_buffer
 *(.dma_buffer)

.bdma_buffer
 *(.bdma_buffer)
OUTPUT(../FDCAN_GATEWAY.elf elf32-littlearm)
LOAD linker stubs
LOAD C:/ProgramData/MATLAB/SupportPackages/R2024b/3P.instrset/gnuarm-armcortex.instrset/win/bin/../lib/gcc/arm-none-eabi/13.2.1/thumb/v7e-m+dp/hard\libc.a
LOAD C:/ProgramData/MATLAB/SupportPackages/R2024b/3P.instrset/gnuarm-armcortex.instrset/win/bin/../lib/gcc/arm-none-eabi/13.2.1/thumb/v7e-m+dp/hard\libm.a
LOAD C:/ProgramData/MATLAB/SupportPackages/R2024b/3P.instrset/gnuarm-armcortex.instrset/win/bin/../lib/gcc/arm-none-eabi/13.2.1/thumb/v7e-m+dp/hard\libgcc.a

.comment        0x00000000       0x44
 .comment       0x00000000       0x44 stm_fdcan_hal.o
                                 0x45 (size before relaxing)
 .comment       0x00000044       0x45 ert_main.o
 .comment       0x00000044       0x45 FDCAN_GATEWAY.o
 .comment       0x00000044       0x45 FDCAN_GATEWAY_data.o
 .comment       0x00000044       0x45 platform_timer.o
 .comment       0x00000044       0x45 mw_freertos_init.o
 .comment       0x00000044       0x45 mw_thread.o
 .comment       0x00000044       0x45 mw_timer.o
 .comment       0x00000044       0x45 mw_semaphore.o
 .comment       0x00000044       0x45 main.o
 .comment       0x00000044       0x45 stm32h7xx_it.o
 .comment       0x00000044       0x45 stm32h7xx_hal_msp.o
 .comment       0x00000044       0x45 stm32h7xx_hal_timebase_tim.o
 .comment       0x00000044       0x45 stm32h7xx_ll_gpio.o
 .comment       0x00000044       0x45 stm32h7xx_hal_cortex.o
 .comment       0x00000044       0x45 stm32h7xx_hal_fdcan.o
 .comment       0x00000044       0x45 stm32h7xx_hal_rcc.o
 .comment       0x00000044       0x45 stm32h7xx_hal_rcc_ex.o
 .comment       0x00000044       0x45 stm32h7xx_hal_gpio.o
 .comment       0x00000044       0x45 stm32h7xx_hal_pwr_ex.o
 .comment       0x00000044       0x45 stm32h7xx_hal.o
 .comment       0x00000044       0x45 stm32h7xx_hal_tim.o
 .comment       0x00000044       0x45 stm32h7xx_hal_tim_ex.o
 .comment       0x00000044       0x45 list.o
 .comment       0x00000044       0x45 queue.o
 .comment       0x00000044       0x45 tasks.o
 .comment       0x00000044       0x45 timers.o
 .comment       0x00000044       0x45 cmsis_os2.o
 .comment       0x00000044       0x45 heap_4.o
 .comment       0x00000044       0x45 port.o
 .comment       0x00000044       0x45 system_stm32h7xx.o

.debug_frame    0x00000000      0x358
 .debug_frame   0x00000000      0x144 C:/ProgramData/MATLAB/SupportPackages/R2024b/3P.instrset/gnuarm-armcortex.instrset/win/bin/../lib/gcc/arm-none-eabi/13.2.1/thumb/v7e-m+dp/hard\libc_nano.a(libc_a-findfp.o)
 .debug_frame   0x00000144       0x20 C:/ProgramData/MATLAB/SupportPackages/R2024b/3P.instrset/gnuarm-armcortex.instrset/win/bin/../lib/gcc/arm-none-eabi/13.2.1/thumb/v7e-m+dp/hard\libc_nano.a(libc_a-memset.o)
 .debug_frame   0x00000164       0x38 C:/ProgramData/MATLAB/SupportPackages/R2024b/3P.instrset/gnuarm-armcortex.instrset/win/bin/../lib/gcc/arm-none-eabi/13.2.1/thumb/v7e-m+dp/hard\libc_nano.a(libc_a-reent.o)
 .debug_frame   0x0000019c       0x2c C:/ProgramData/MATLAB/SupportPackages/R2024b/3P.instrset/gnuarm-armcortex.instrset/win/bin/../lib/gcc/arm-none-eabi/13.2.1/thumb/v7e-m+dp/hard\libc_nano.a(libc_a-init.o)
 .debug_frame   0x000001c8       0xb0 C:/ProgramData/MATLAB/SupportPackages/R2024b/3P.instrset/gnuarm-armcortex.instrset/win/bin/../lib/gcc/arm-none-eabi/13.2.1/thumb/v7e-m+dp/hard\libc_nano.a(libc_a-lock.o)
 .debug_frame   0x00000278       0x28 C:/ProgramData/MATLAB/SupportPackages/R2024b/3P.instrset/gnuarm-armcortex.instrset/win/bin/../lib/gcc/arm-none-eabi/13.2.1/thumb/v7e-m+dp/hard\libc_nano.a(libc_a-memcpy-stub.o)
 .debug_frame   0x000002a0       0x38 C:/ProgramData/MATLAB/SupportPackages/R2024b/3P.instrset/gnuarm-armcortex.instrset/win/bin/../lib/gcc/arm-none-eabi/13.2.1/thumb/v7e-m+dp/hard\libc_nano.a(libc_a-freer.o)
 .debug_frame   0x000002d8       0x50 C:/ProgramData/MATLAB/SupportPackages/R2024b/3P.instrset/gnuarm-armcortex.instrset/win/bin/../lib/gcc/arm-none-eabi/13.2.1/thumb/v7e-m+dp/hard\libc_nano.a(libc_a-mallocr.o)
 .debug_frame   0x00000328       0x30 C:/ProgramData/MATLAB/SupportPackages/R2024b/3P.instrset/gnuarm-armcortex.instrset/win/bin/../lib/gcc/arm-none-eabi/13.2.1/thumb/v7e-m+dp/hard\libc_nano.a(libc_a-mlock.o)
